../Core/Src/lcd.c:62:6:LCD_GPIO_Init	8	static
../Core/Src/lcd.c:78:6:LCD_Writ_Bus	24	static
../Core/Src/lcd.c:105:6:LCD_WR_DATA8	16	static
../Core/Src/lcd.c:116:6:LCD_WR_DATA	16	static
../Core/Src/lcd.c:128:6:LCD_WR_REG	16	static
../Core/Src/lcd.c:142:6:LCD_Address_Set	24	static
../Core/Src/lcd.c:186:6:LCD_Init	8	static
../Core/Src/lcd.c:302:6:LCD_Fill	32	static
../Core/Src/lcd.c:321:6:LCD_DrawPoint	16	static
../Core/Src/lcd.c:335:6:LCD_DrawLine	64	static
../Core/Src/lcd.c:378:6:LCD_DrawRectangle	32	static
../Core/Src/lcd.c:394:6:Draw_Circle	32	static
../Core/Src/lcd.c:426:6:LCD_ShowChinese	40	static
../Core/Src/lcd.c:451:6:LCD_ShowChinese12x12	48	static
../Core/Src/lcd.c:510:6:LCD_ShowChinese16x16	48	static
../Core/Src/lcd.c:569:6:LCD_ShowChinese24x24	48	static
../Core/Src/lcd.c:627:6:LCD_ShowChinese32x32	48	static
../Core/Src/lcd.c:686:6:LCD_ShowChar	40	static
../Core/Src/lcd.c:741:6:LCD_ShowString	48	static
../Core/Src/lcd.c:757:10:mypow	24	static
../Core/Src/lcd.c:775:6:LCD_ShowIntNum	48	static
../Core/Src/lcd.c:807:6:LCD_ShowFloatNum1	56	static
../Core/Src/lcd.c:835:6:LCD_ShowPicture	32	static
