Archive member included to satisfy reference by file (symbol)

C:/ST/STM32CubeIDE_1.15.0/STM32CubeIDE/plugins/com.st.stm32cube.ide.mcu.externaltools.gnu-tools-for-stm32.12.3.rel1.win32_1.0.100.202403111256/tools/bin/../lib/gcc/arm-none-eabi/12.3.1/../../../../arm-none-eabi/lib/thumb/v7-m/nofp\libc_nano.a(libc_a-exit.o)
                              C:/ST/STM32CubeIDE_1.15.0/STM32CubeIDE/plugins/com.st.stm32cube.ide.mcu.externaltools.gnu-tools-for-stm32.12.3.rel1.win32_1.0.100.202403111256/tools/bin/../lib/gcc/arm-none-eabi/12.3.1/../../../../arm-none-eabi/lib/thumb/v7-m/nofp/crt0.o (exit)
C:/ST/STM32CubeIDE_1.15.0/STM32CubeIDE/plugins/com.st.stm32cube.ide.mcu.externaltools.gnu-tools-for-stm32.12.3.rel1.win32_1.0.100.202403111256/tools/bin/../lib/gcc/arm-none-eabi/12.3.1/../../../../arm-none-eabi/lib/thumb/v7-m/nofp\libc_nano.a(libc_a-findfp.o)
                              C:/ST/STM32CubeIDE_1.15.0/STM32CubeIDE/plugins/com.st.stm32cube.ide.mcu.externaltools.gnu-tools-for-stm32.12.3.rel1.win32_1.0.100.202403111256/tools/bin/../lib/gcc/arm-none-eabi/12.3.1/../../../../arm-none-eabi/lib/thumb/v7-m/nofp\libc_nano.a(libc_a-exit.o) (__stdio_exit_handler)
C:/ST/STM32CubeIDE_1.15.0/STM32CubeIDE/plugins/com.st.stm32cube.ide.mcu.externaltools.gnu-tools-for-stm32.12.3.rel1.win32_1.0.100.202403111256/tools/bin/../lib/gcc/arm-none-eabi/12.3.1/../../../../arm-none-eabi/lib/thumb/v7-m/nofp\libc_nano.a(libc_a-fwalk.o)
                              C:/ST/STM32CubeIDE_1.15.0/STM32CubeIDE/plugins/com.st.stm32cube.ide.mcu.externaltools.gnu-tools-for-stm32.12.3.rel1.win32_1.0.100.202403111256/tools/bin/../lib/gcc/arm-none-eabi/12.3.1/../../../../arm-none-eabi/lib/thumb/v7-m/nofp\libc_nano.a(libc_a-findfp.o) (_fwalk_sglue)
C:/ST/STM32CubeIDE_1.15.0/STM32CubeIDE/plugins/com.st.stm32cube.ide.mcu.externaltools.gnu-tools-for-stm32.12.3.rel1.win32_1.0.100.202403111256/tools/bin/../lib/gcc/arm-none-eabi/12.3.1/../../../../arm-none-eabi/lib/thumb/v7-m/nofp\libc_nano.a(libc_a-stdio.o)
                              C:/ST/STM32CubeIDE_1.15.0/STM32CubeIDE/plugins/com.st.stm32cube.ide.mcu.externaltools.gnu-tools-for-stm32.12.3.rel1.win32_1.0.100.202403111256/tools/bin/../lib/gcc/arm-none-eabi/12.3.1/../../../../arm-none-eabi/lib/thumb/v7-m/nofp\libc_nano.a(libc_a-findfp.o) (__sread)
C:/ST/STM32CubeIDE_1.15.0/STM32CubeIDE/plugins/com.st.stm32cube.ide.mcu.externaltools.gnu-tools-for-stm32.12.3.rel1.win32_1.0.100.202403111256/tools/bin/../lib/gcc/arm-none-eabi/12.3.1/../../../../arm-none-eabi/lib/thumb/v7-m/nofp\libc_nano.a(libc_a-memset.o)
                              C:/ST/STM32CubeIDE_1.15.0/STM32CubeIDE/plugins/com.st.stm32cube.ide.mcu.externaltools.gnu-tools-for-stm32.12.3.rel1.win32_1.0.100.202403111256/tools/bin/../lib/gcc/arm-none-eabi/12.3.1/../../../../arm-none-eabi/lib/thumb/v7-m/nofp/crt0.o (memset)
C:/ST/STM32CubeIDE_1.15.0/STM32CubeIDE/plugins/com.st.stm32cube.ide.mcu.externaltools.gnu-tools-for-stm32.12.3.rel1.win32_1.0.100.202403111256/tools/bin/../lib/gcc/arm-none-eabi/12.3.1/../../../../arm-none-eabi/lib/thumb/v7-m/nofp\libc_nano.a(libc_a-closer.o)
                              C:/ST/STM32CubeIDE_1.15.0/STM32CubeIDE/plugins/com.st.stm32cube.ide.mcu.externaltools.gnu-tools-for-stm32.12.3.rel1.win32_1.0.100.202403111256/tools/bin/../lib/gcc/arm-none-eabi/12.3.1/../../../../arm-none-eabi/lib/thumb/v7-m/nofp\libc_nano.a(libc_a-stdio.o) (_close_r)
C:/ST/STM32CubeIDE_1.15.0/STM32CubeIDE/plugins/com.st.stm32cube.ide.mcu.externaltools.gnu-tools-for-stm32.12.3.rel1.win32_1.0.100.202403111256/tools/bin/../lib/gcc/arm-none-eabi/12.3.1/../../../../arm-none-eabi/lib/thumb/v7-m/nofp\libc_nano.a(libc_a-reent.o)
                              C:/ST/STM32CubeIDE_1.15.0/STM32CubeIDE/plugins/com.st.stm32cube.ide.mcu.externaltools.gnu-tools-for-stm32.12.3.rel1.win32_1.0.100.202403111256/tools/bin/../lib/gcc/arm-none-eabi/12.3.1/../../../../arm-none-eabi/lib/thumb/v7-m/nofp\libc_nano.a(libc_a-closer.o) (errno)
C:/ST/STM32CubeIDE_1.15.0/STM32CubeIDE/plugins/com.st.stm32cube.ide.mcu.externaltools.gnu-tools-for-stm32.12.3.rel1.win32_1.0.100.202403111256/tools/bin/../lib/gcc/arm-none-eabi/12.3.1/../../../../arm-none-eabi/lib/thumb/v7-m/nofp\libc_nano.a(libc_a-impure.o)
                              C:/ST/STM32CubeIDE_1.15.0/STM32CubeIDE/plugins/com.st.stm32cube.ide.mcu.externaltools.gnu-tools-for-stm32.12.3.rel1.win32_1.0.100.202403111256/tools/bin/../lib/gcc/arm-none-eabi/12.3.1/../../../../arm-none-eabi/lib/thumb/v7-m/nofp\libc_nano.a(libc_a-reent.o) (_impure_ptr)
C:/ST/STM32CubeIDE_1.15.0/STM32CubeIDE/plugins/com.st.stm32cube.ide.mcu.externaltools.gnu-tools-for-stm32.12.3.rel1.win32_1.0.100.202403111256/tools/bin/../lib/gcc/arm-none-eabi/12.3.1/../../../../arm-none-eabi/lib/thumb/v7-m/nofp\libc_nano.a(libc_a-lseekr.o)
[...]
Memory Configuration

Name             Origin             Length             Attributes
RAM              0x20000000         0x00005000         xrw
FLASH            0x08000000         0x00010000         xr
*default*        0x00000000         0xffffffff

Linker script and memory map

LOAD C:/ST/STM32CubeIDE_1.15.0/STM32CubeIDE/plugins/com.st.stm32cube.ide.mcu.externaltools.gnu-tools-for-stm32.12.3.rel1.win32_1.0.100.202403111256/tools/bin/../lib/gcc/arm-none-eabi/12.3.1/thumb/v7-m/nofp/crti.o
LOAD C:/ST/STM32CubeIDE_1.15.0/STM32CubeIDE/plugins/com.st.stm32cube.ide.mcu.externaltools.gnu-tools-for-stm32.12.3.rel1.win32_1.0.100.202403111256/tools/bin/../lib/gcc/arm-none-eabi/12.3.1/thumb/v7-m/nofp/crtbegin.o
LOAD C:/ST/STM32CubeIDE_1.15.0/STM32CubeIDE/plugins/com.st.stm32cube.ide.mcu.externaltools.gnu-tools-for-stm32.12.3.rel1.win32_1.0.100.202403111256/tools/bin/../lib/gcc/arm-none-eabi/12.3.1/../../../../arm-none-eabi/lib/thumb/v7-m/nofp/crt0.o
LOAD ./Core/Src/font.o
LOAD ./Core/Src/gpio.o
LOAD ./Core/Src/lcd.o
LOAD ./Core/Src/main.o
LOAD ./Core/Src/stm32f1xx_hal_msp.o
LOAD ./Core/Src/stm32f1xx_it.o
LOAD ./Core/Src/syscalls.o
LOAD ./Core/Src/sysmem.o
LOAD ./Core/Src/system_stm32f1xx.o
LOAD ./Core/Src/tim.o
LOAD ./Core/Startup/startup_stm32f103c8tx.o
LOAD ./Drivers/STM32F1xx_HAL_Driver/Src/stm32f1xx_hal.o
LOAD ./Drivers/STM32F1xx_HAL_Driver/Src/stm32f1xx_hal_cortex.o
LOAD ./Drivers/STM32F1xx_HAL_Driver/Src/stm32f1xx_hal_dma.o
LOAD ./Drivers/STM32F1xx_HAL_Driver/Src/stm32f1xx_hal_exti.o
LOAD ./Drivers/STM32F1xx_HAL_Driver/Src/stm32f1xx_hal_flash.o
LOAD ./Drivers/STM32F1xx_HAL_Driver/Src/stm32f1xx_hal_flash_ex.o
LOAD ./Drivers/STM32F1xx_HAL_Driver/Src/stm32f1xx_hal_gpio.o
LOAD ./Drivers/STM32F1xx_HAL_Driver/Src/stm32f1xx_hal_gpio_ex.o
LOAD ./Drivers/STM32F1xx_HAL_Driver/Src/stm32f1xx_hal_pwr.o
LOAD ./Drivers/STM32F1xx_HAL_Driver/Src/stm32f1xx_hal_rcc.o
LOAD ./Drivers/STM32F1xx_HAL_Driver/Src/stm32f1xx_hal_rcc_ex.o
LOAD ./Drivers/STM32F1xx_HAL_Driver/Src/stm32f1xx_hal_tim.o
LOAD ./Drivers/STM32F1xx_HAL_Driver/Src/stm32f1xx_hal_tim_ex.o
START GROUP
LOAD C:/ST/STM32CubeIDE_1.15.0/STM32CubeIDE/plugins/com.st.stm32cube.ide.mcu.externaltools.gnu-tools-for-stm32.12.3.rel1.win32_1.0.100.202403111256/tools/bin/../lib/gcc/arm-none-eabi/12.3.1/../../../../arm-none-eabi/lib/thumb/v7-m/nofp\libc_nano.a
LOAD C:/ST/STM32CubeIDE_1.15.0/STM32CubeIDE/plugins/com.st.stm32cube.ide.mcu.externaltools.gnu-tools-for-stm32.12.3.rel1.win32_1.0.100.202403111256/tools/bin/../lib/gcc/arm-none-eabi/12.3.1/../../../../arm-none-eabi/lib/thumb/v7-m/nofp\libm.a
END GROUP
START GROUP
LOAD C:/ST/STM32CubeIDE_1.15.0/STM32CubeIDE/plugins/com.st.stm32cube.ide.mcu.externaltools.gnu-tools-for-stm32.12.3.rel1.win32_1.0.100.202403111256/tools/bin/../lib/gcc/arm-none-eabi/12.3.1/thumb/v7-m/nofp\libgcc.a
LOAD C:/ST/STM32CubeIDE_1.15.0/STM32CubeIDE/plugins/com.st.stm32cube.ide.mcu.externaltools.gnu-tools-for-stm32.12.3.rel1.win32_1.0.100.202403111256/tools/bin/../lib/gcc/arm-none-eabi/12.3.1/../../../../arm-none-eabi/lib/thumb/v7-m/nofp\libc_nano.a
END GROUP
START GROUP
LOAD C:/ST/STM32CubeIDE_1.15.0/STM32CubeIDE/plugins/com.st.stm32cube.ide.mcu.externaltools.gnu-tools-for-stm32.12.3.rel1.win32_1.0.100.202403111256/tools/bin/../lib/gcc/arm-none-eabi/12.3.1/thumb/v7-m/nofp\libgcc.a
LOAD C:/ST/STM32CubeIDE_1.15.0/STM32CubeIDE/plugins/com.st.stm32cube.ide.mcu.externaltools.gnu-tools-for-stm32.12.3.rel1.win32_1.0.100.202403111256/tools/bin/../lib/gcc/arm-none-eabi/12.3.1/../../../../arm-none-eabi/lib/thumb/v7-m/nofp\libc_nano.a
LOAD C:/ST/STM32CubeIDE_1.15.0/STM32CubeIDE/plugins/com.st.stm32cube.ide.mcu.externaltools.gnu-tools-for-stm32.12.3.rel1.win32_1.0.100.202403111256/tools/bin/../lib/gcc/arm-none-eabi/12.3.1/../../../../arm-none-eabi/lib/thumb/v7-m/nofp\libnosys.a
END GROUP
START GROUP
LOAD C:/ST/STM32CubeIDE_1.15.0/STM32CubeIDE/plugins/com.st.stm32cube.ide.mcu.externaltools.gnu-tools-for-stm32.12.3.rel1.win32_1.0.100.202403111256/tools/bin/../lib/gcc/arm-none-eabi/12.3.1/thumb/v7-m/nofp\libgcc.a
LOAD C:/ST/STM32CubeIDE_1.15.0/STM32CubeIDE/plugins/com.st.stm32cube.ide.mcu.externaltools.gnu-tools-for-stm32.12.3.rel1.win32_1.0.100.202403111256/tools/bin/../lib/gcc/arm-none-eabi/12.3.1/../../../../arm-none-eabi/lib/thumb/v7-m/nofp\libc_nano.a
LOAD C:/ST/STM32CubeIDE_1.15.0/STM32CubeIDE/plugins/com.st.stm32cube.ide.mcu.externaltools.gnu-tools-for-stm32.12.3.rel1.win32_1.0.100.202403111256/tools/bin/../lib/gcc/arm-none-eabi/12.3.1/../../../../arm-none-eabi/lib/thumb/v7-m/nofp\libnosys.a
END GROUP
LOAD C:/ST/STM32CubeIDE_1.15.0/STM32CubeIDE/plugins/com.st.stm32cube.ide.mcu.externaltools.gnu-tools-for-stm32.12.3.rel1.win32_1.0.100.202403111256/tools/bin/../lib/gcc/arm-none-eabi/12.3.1/thumb/v7-m/nofp/crtend.o
LOAD C:/ST/STM32CubeIDE_1.15.0/STM32CubeIDE/plugins/com.st.stm32cube.ide.mcu.externaltools.gnu-tools-for-stm32.12.3.rel1.win32_1.0.100.202403111256/tools/bin/../lib/gcc/arm-none-eabi/12.3.1/thumb/v7-m/nofp/crtn.o
                0x20005000                        _estack = (ORIGIN (RAM) + LENGTH (RAM))
                0x00000200                        _Min_Heap_Size = 0x200
                0x00000400                        _Min_Stack_Size = 0x400

.isr_vector     0x08000000      0x10c
                0x08000000                        . = ALIGN (0x4)
 *(.isr_vector)
 .isr_vector    0x08000000      0x10c ./Core/Startup/startup_stm32f103c8tx.o
                0x08000000                g_pfnVectors
                0x0800010c                        . = ALIGN (0x4)

.text           0x0800010c     0x325c
                0x0800010c                        . = ALIGN (0x4)
 *(.text)
 .text          0x0800010c       0x40 C:/ST/STM32CubeIDE_1.15.0/STM32CubeIDE/plugins/com.st.stm32cube.ide.mcu.externaltools.gnu-tools-for-stm32.12.3.rel1.win32_1.0.100.202403111256/tools/bin/../lib/gcc/arm-none-eabi/12.3.1/thumb/v7-m/nofp/crtbegin.o
 *(.text*)
 .text.MX_GPIO_Init
                0x0800014c       0x7c ./Core/Src/gpio.o
                0x0800014c                MX_GPIO_Init
 .text.LCD_GPIO_Init
                0x080001c8       0x48 ./Core/Src/lcd.o
                0x080001c8                LCD_GPIO_Init
 .text.LCD_Writ_Bus
                0x08000210       0x74 ./Core/Src/lcd.o
                0x08000210                LCD_Writ_Bus
 .text.LCD_WR_DATA8
                0x08000284       0x1a ./Core/Src/lcd.o
                0x08000284                LCD_WR_DATA8
 .text.LCD_WR_DATA
                0x0800029e       0x2a ./Core/Src/lcd.o
                0x0800029e                LCD_WR_DATA
 .text.LCD_WR_REG
                0x080002c8       0x34 ./Core/Src/lcd.o
                0x080002c8                LCD_WR_REG
 .text.LCD_Address_Set
                0x080002fc       0x68 ./Core/Src/lcd.o
                0x080002fc                LCD_Address_Set
 .text.LCD_Init
                0x08000364      0x258 ./Core/Src/lcd.o
                0x08000364                LCD_Init
 .text.LCD_Fill
                0x080005bc       0x6c ./Core/Src/lcd.o
                0x080005bc                LCD_Fill
 .text.LCD_DrawPoint
                0x08000628       0x2e ./Core/Src/lcd.o
                0x08000628                LCD_DrawPoint
 .text.LCD_ShowChinese
                0x08000656       0xd2 ./Core/Src/lcd.o
                0x08000656                LCD_ShowChinese
 .text.LCD_ShowChinese12x12
                0x08000728      0x1b4 ./Core/Src/lcd.o
                0x08000728                LCD_ShowChinese12x12
 .text.LCD_ShowChinese16x16
                0x080008dc      0x1bc ./Core/Src/lcd.o
                0x080008dc                LCD_ShowChinese16x16
 .text.LCD_ShowChinese24x24
                0x08000a98      0x1b4 ./Core/Src/lcd.o
                0x08000a98                LCD_ShowChinese24x24
 .text.LCD_ShowChinese32x32
                0x08000c4c      0x1bc ./Core/Src/lcd.o
                0x08000c4c                LCD_ShowChinese32x32
 .text.LCD_ShowChar
                0x08000e08      0x1c0 ./Core/Src/lcd.o
                0x08000e08                LCD_ShowChar
 .text.LCD_ShowString
                0x08000fc8       0x60 ./Core/Src/lcd.o
                0x08000fc8                LCD_ShowString
 .text.mypow    0x08001028       0x36 ./Core/Src/lcd.o
                0x08001028                mypow
 *fill*         0x0800105e        0x2 
 .text.LCD_ShowIntNum
                0x08001060       0xfc ./Core/Src/lcd.o
                0x08001060                LCD_ShowIntNum
 .text.main     0x0800115c      0x16c ./Core/Src/main.o
                0x0800115c                main
 .text.SystemClock_Config
                0x080012c8       0x8a ./Core/Src/main.o
                0x080012c8                SystemClock_Config
 .text.Error_Handler
                0x08001352        0xc ./Core/Src/main.o
                0x08001352                Error_Handler
 *fill*         0x0800135e        0x2 
 .text.HAL_MspInit
                0x08001360       0x64 ./Core/Src/stm32f1xx_hal_msp.o
                0x08001360                HAL_MspInit
 .text.NMI_Handler
                0x080013c4        0x8 ./Core/Src/stm32f1xx_it.o
                0x080013c4                NMI_Handler
 .text.HardFault_Handler
                0x080013cc        0x8 ./Core/Src/stm32f1xx_it.o
                0x080013cc                HardFault_Handler
 .text.MemManage_Handler
                0x080013d4        0x8 ./Core/Src/stm32f1xx_it.o
                0x080013d4                MemManage_Handler
 .text.BusFault_Handler
                0x080013dc        0x8 ./Core/Src/stm32f1xx_it.o
                0x080013dc                BusFault_Handler
 .text.UsageFault_Handler
                0x080013e4        0x8 ./Core/Src/stm32f1xx_it.o
                0x080013e4                UsageFault_Handler
 .text.SVC_Handler
                0x080013ec        0xc ./Core/Src/stm32f1xx_it.o
                0x080013ec                SVC_Handler
 .text.DebugMon_Handler
                0x080013f8        0xc ./Core/Src/stm32f1xx_it.o
                0x080013f8                DebugMon_Handler
 .text.PendSV_Handler
                0x08001404        0xc ./Core/Src/stm32f1xx_it.o
                0x08001404                PendSV_Handler
 .text.SysTick_Handler
                0x08001410        0xc ./Core/Src/stm32f1xx_it.o
                0x08001410                SysTick_Handler
 .text.SystemInit
                0x0800141c        0xc ./Core/Src/system_stm32f1xx.o
                0x0800141c                SystemInit
 .text.MX_TIM1_Init
                0x08001428       0xb0 ./Core/Src/tim.o
                0x08001428                MX_TIM1_Init
 .text.MX_TIM2_Init
                0x080014d8       0xe8 ./Core/Src/tim.o
                0x080014d8                MX_TIM2_Init
 .text.HAL_TIM_Encoder_MspInit
                0x080015c0       0x80 ./Core/Src/tim.o
                0x080015c0                HAL_TIM_Encoder_MspInit
 .text.HAL_TIM_Base_MspInit
                0x08001640       0x38 ./Core/Src/tim.o
                0x08001640                HAL_TIM_Base_MspInit
 .text.HAL_TIM_MspPostInit
                0x08001678       0x60 ./Core/Src/tim.o
                0x08001678                HAL_TIM_MspPostInit
 .text.Reset_Handler
                0x080016d8       0x48 ./Core/Startup/startup_stm32f103c8tx.o
                0x080016d8                Reset_Handler
 .text.Default_Handler
                0x08001720        0x2 ./Core/Startup/startup_stm32f103c8tx.o
                0x08001720                RTC_Alarm_IRQHandler
                0x08001720                EXTI2_IRQHandler
                0x08001720                TIM1_CC_IRQHandler
                0x08001720                PVD_IRQHandler
                0x08001720                EXTI3_IRQHandler
                0x08001720                EXTI0_IRQHandler
                0x08001720                I2C2_EV_IRQHandler
                0x08001720                ADC1_2_IRQHandler
                0x08001720                SPI1_IRQHandler
                0x08001720                TAMPER_IRQHandler
                0x08001720                DMA1_Channel4_IRQHandler
                0x08001720                USART3_IRQHandler
                0x08001720                RTC_IRQHandler
                0x08001720                DMA1_Channel7_IRQHandler
                0x08001720                CAN1_RX1_IRQHandler
                0x08001720                TIM4_IRQHandler
                0x08001720                I2C1_EV_IRQHandler
                0x08001720                DMA1_Channel6_IRQHandler
                0x08001720                TIM3_IRQHandler
                0x08001720                RCC_IRQHandler
                0x08001720                TIM1_TRG_COM_IRQHandler
                0x08001720                DMA1_Channel1_IRQHandler
                0x08001720                Default_Handler
                0x08001720                EXTI15_10_IRQHandler
                0x08001720                EXTI9_5_IRQHandler
                0x08001720                SPI2_IRQHandler
                0x08001720                DMA1_Channel5_IRQHandler
                0x08001720                EXTI4_IRQHandler
                0x08001720                USB_LP_CAN1_RX0_IRQHandler
                0x08001720                USB_HP_CAN1_TX_IRQHandler
                0x08001720                DMA1_Channel3_IRQHandler
                0x08001720                TIM1_UP_IRQHandler
                0x08001720                WWDG_IRQHandler
                0x08001720                TIM2_IRQHandler
                0x08001720                TIM1_BRK_IRQHandler
                0x08001720                EXTI1_IRQHandler
                0x08001720                USART2_IRQHandler
                0x08001720                I2C2_ER_IRQHandler
                0x08001720                DMA1_Channel2_IRQHandler
                0x08001720                CAN1_SCE_IRQHandler
                0x08001720                FLASH_IRQHandler
                0x08001720                USART1_IRQHandler
                0x08001720                I2C1_ER_IRQHandler
                0x08001720                USBWakeUp_IRQHandler
 *fill*         0x08001722        0x2 
 .text.HAL_Init
                0x08001724       0x2c ./Drivers/STM32F1xx_HAL_Driver/Src/stm32f1xx_hal.o
                0x08001724                HAL_Init
 .text.HAL_InitTick
                0x08001750       0x60 ./Drivers/STM32F1xx_HAL_Driver/Src/stm32f1xx_hal.o
                0x08001750                HAL_InitTick
 .text.HAL_IncTick
                0x080017b0       0x24 ./Drivers/STM32F1xx_HAL_Driver/Src/stm32f1xx_hal.o
                0x080017b0                HAL_IncTick
 .text.HAL_GetTick
                0x080017d4       0x14 ./Drivers/STM32F1xx_HAL_Driver/Src/stm32f1xx_hal.o
                0x080017d4                HAL_GetTick
 .text.HAL_Delay
                0x080017e8       0x48 ./Drivers/STM32F1xx_HAL_Driver/Src/stm32f1xx_hal.o
                0x080017e8                HAL_Delay
 .text.__NVIC_SetPriorityGrouping
                0x08001830       0x48 ./Drivers/STM32F1xx_HAL_Driver/Src/stm32f1xx_hal_cortex.o
 .text.__NVIC_GetPriorityGrouping
                0x08001878       0x1c ./Drivers/STM32F1xx_HAL_Driver/Src/stm32f1xx_hal_cortex.o
 .text.__NVIC_SetPriority
                0x08001894       0x54 ./Drivers/STM32F1xx_HAL_Driver/Src/stm32f1xx_hal_cortex.o
 .text.NVIC_EncodePriority
                0x080018e8       0x64 ./Drivers/STM32F1xx_HAL_Driver/Src/stm32f1xx_hal_cortex.o
 .text.SysTick_Config
                0x0800194c       0x44 ./Drivers/STM32F1xx_HAL_Driver/Src/stm32f1xx_hal_cortex.o
 .text.HAL_NVIC_SetPriorityGrouping
                0x08001990       0x16 ./Drivers/STM32F1xx_HAL_Driver/Src/stm32f1xx_hal_cortex.o
                0x08001990                HAL_NVIC_SetPriorityGrouping
 .text.HAL_NVIC_SetPriority
                0x080019a6       0x38 ./Drivers/STM32F1xx_HAL_Driver/Src/stm32f1xx_hal_cortex.o
                0x080019a6                HAL_NVIC_SetPriority
 .text.HAL_SYSTICK_Config
                0x080019de       0x18 ./Drivers/STM32F1xx_HAL_Driver/Src/stm32f1xx_hal_cortex.o
                0x080019de                HAL_SYSTICK_Config
 *fill*         0x080019f6        0x2 
 .text.HAL_GPIO_Init
                0x080019f8      0x308 ./Drivers/STM32F1xx_HAL_Driver/Src/stm32f1xx_hal_gpio.o
                0x080019f8                HAL_GPIO_Init
 .text.HAL_GPIO_WritePin
                0x08001d00       0x30 ./Drivers/STM32F1xx_HAL_Driver/Src/stm32f1xx_hal_gpio.o
                0x08001d00                HAL_GPIO_WritePin
 .text.HAL_RCC_OscConfig
                0x08001d30      0x504 ./Drivers/STM32F1xx_HAL_Driver/Src/stm32f1xx_hal_rcc.o
                0x08001d30                HAL_RCC_OscConfig
 .text.HAL_RCC_ClockConfig
                0x08002234      0x1d4 ./Drivers/STM32F1xx_HAL_Driver/Src/stm32f1xx_hal_rcc.o
                0x08002234                HAL_RCC_ClockConfig
 .text.HAL_RCC_GetSysClockFreq
                0x08002408       0xa8 ./Drivers/STM32F1xx_HAL_Driver/Src/stm32f1xx_hal_rcc.o
                0x08002408                HAL_RCC_GetSysClockFreq
 .text.RCC_Delay
                0x080024b0       0x3c ./Drivers/STM32F1xx_HAL_Driver/Src/stm32f1xx_hal_rcc.o
 .text.HAL_TIM_Base_Init
                0x080024ec       0x9e ./Drivers/STM32F1xx_HAL_Driver/Src/stm32f1xx_hal_tim.o
                0x080024ec                HAL_TIM_Base_Init
 .text.HAL_TIM_PWM_Init
                0x0800258a       0x9e ./Drivers/STM32F1xx_HAL_Driver/Src/stm32f1xx_hal_tim.o
                0x0800258a                HAL_TIM_PWM_Init
 .text.HAL_TIM_PWM_MspInit
                0x08002628       0x12 ./Drivers/STM32F1xx_HAL_Driver/Src/stm32f1xx_hal_tim.o
                0x08002628                HAL_TIM_PWM_MspInit
 *fill*         0x0800263a        0x2 
 .text.HAL_TIM_PWM_Start
                0x0800263c      0x144 ./Drivers/STM32F1xx_HAL_Driver/Src/stm32f1xx_hal_tim.o
                0x0800263c                HAL_TIM_PWM_Start
 .text.HAL_TIM_Encoder_Init
                0x08002780      0x144 ./Drivers/STM32F1xx_HAL_Driver/Src/stm32f1xx_hal_tim.o
                0x08002780                HAL_TIM_Encoder_Init
 .text.HAL_TIM_Encoder_Start
                0x080028c4      0x11c ./Drivers/STM32F1xx_HAL_Driver/Src/stm32f1xx_hal_tim.o
                0x080028c4                HAL_TIM_Encoder_Start
 .text.HAL_TIM_PWM_ConfigChannel
                0x080029e0      0x184 ./Drivers/STM32F1xx_HAL_Driver/Src/stm32f1xx_hal_tim.o
                0x080029e0                HAL_TIM_PWM_ConfigChannel
 .text.HAL_TIM_ConfigClockSource
                0x08002b64      0x18e ./Drivers/STM32F1xx_HAL_Driver/Src/stm32f1xx_hal_tim.o
                0x08002b64                HAL_TIM_ConfigClockSource
 *fill*         0x08002cf2        0x2 
 .text.TIM_Base_SetConfig
                0x08002cf4       0xc4 ./Drivers/STM32F1xx_HAL_Driver/Src/stm32f1xx_hal_tim.o
                0x08002cf4                TIM_Base_SetConfig
 .text.TIM_OC1_SetConfig
                0x08002db8       0xcc ./Drivers/STM32F1xx_HAL_Driver/Src/stm32f1xx_hal_tim.o
 .text.TIM_OC2_SetConfig
                0x08002e84       0xd4 ./Drivers/STM32F1xx_HAL_Driver/Src/stm32f1xx_hal_tim.o
                0x08002e84                TIM_OC2_SetConfig
 .text.TIM_OC3_SetConfig
                0x08002f58       0xd4 ./Drivers/STM32F1xx_HAL_Driver/Src/stm32f1xx_hal_tim.o
 .text.TIM_OC4_SetConfig
                0x0800302c       0x9c ./Drivers/STM32F1xx_HAL_Driver/Src/stm32f1xx_hal_tim.o
 .text.TIM_TI1_ConfigInputStage
                0x080030c8       0x5c ./Drivers/STM32F1xx_HAL_Driver/Src/stm32f1xx_hal_tim.o
 .text.TIM_TI2_ConfigInputStage
                0x08003124       0x5e ./Drivers/STM32F1xx_HAL_Driver/Src/stm32f1xx_hal_tim.o
 .text.TIM_ITRx_SetConfig
                0x08003182       0x34 ./Drivers/STM32F1xx_HAL_Driver/Src/stm32f1xx_hal_tim.o
 .text.TIM_ETR_SetConfig
                0x080031b6       0x3e ./Drivers/STM32F1xx_HAL_Driver/Src/stm32f1xx_hal_tim.o
                0x080031b6                TIM_ETR_SetConfig
 .text.TIM_CCxChannelCmd
                0x080031f4       0x48 ./Drivers/STM32F1xx_HAL_Driver/Src/stm32f1xx_hal_tim.o
                0x080031f4                TIM_CCxChannelCmd
 .text.HAL_TIMEx_MasterConfigSynchronization
                0x0800323c       0xbc ./Drivers/STM32F1xx_HAL_Driver/Src/stm32f1xx_hal_tim_ex.o
                0x0800323c                HAL_TIMEx_MasterConfigSynchronization
 .text.memset   0x080032f8       0x10 C:/ST/STM32CubeIDE_1.15.0/STM32CubeIDE/plugins/com.st.stm32cube.ide.mcu.externaltools.gnu-tools-for-stm32.12.3.rel1.win32_1.0.100.202403111256/tools/bin/../lib/gcc/arm-none-eabi/12.3.1/../../../../arm-none-eabi/lib/thumb/v7-m/nofp\libc_nano.a(libc_a-memset.o)
                0x080032f8                memset
 .text.__libc_init_array
                0x08003308       0x48 C:/ST/STM32CubeIDE_1.15.0/STM32CubeIDE/plugins/com.st.stm32cube.ide.mcu.externaltools.gnu-tools-for-stm32.12.3.rel1.win32_1.0.100.202403111256/tools/bin/../lib/gcc/arm-none-eabi/12.3.1/../../../../arm-none-eabi/lib/thumb/v7-m/nofp\libc_nano.a(libc_a-init.o)
                0x08003308                __libc_init_array
 *(.glue_7)
 .glue_7        0x08003350        0x0 linker stubs
 *(.glue_7t)
 .glue_7t       0x08003350        0x0 linker stubs
 *(.eh_frame)
 .eh_frame      0x08003350        0x0 C:/ST/STM32CubeIDE_1.15.0/STM32CubeIDE/plugins/com.st.stm32cube.ide.mcu.externaltools.gnu-tools-for-stm32.12.3.rel1.win32_1.0.100.202403111256/tools/bin/../lib/gcc/arm-none-eabi/12.3.1/thumb/v7-m/nofp/crtbegin.o
 *(.init)
 .init          0x08003350        0x4 C:/ST/STM32CubeIDE_1.15.0/STM32CubeIDE/plugins/com.st.stm32cube.ide.mcu.externaltools.gnu-tools-for-stm32.12.3.rel1.win32_1.0.100.202403111256/tools/bin/../lib/gcc/arm-none-eabi/12.3.1/thumb/v7-m/nofp/crti.o
                0x08003350                _init
 .init          0x08003354        0x8 C:/ST/STM32CubeIDE_1.15.0/STM32CubeIDE/plugins/com.st.stm32cube.ide.mcu.externaltools.gnu-tools-for-stm32.12.3.rel1.win32_1.0.100.202403111256/tools/bin/../lib/gcc/arm-none-eabi/12.3.1/thumb/v7-m/nofp/crtn.o
 *(.fini)
 .fini          0x0800335c        0x4 C:/ST/STM32CubeIDE_1.15.0/STM32CubeIDE/plugins/com.st.stm32cube.ide.mcu.externaltools.gnu-tools-for-stm32.12.3.rel1.win32_1.0.100.202403111256/tools/bin/../lib/gcc/arm-none-eabi/12.3.1/thumb/v7-m/nofp/crti.o
                0x0800335c                _fini
 .fini          0x08003360        0x8 C:/ST/STM32CubeIDE_1.15.0/STM32CubeIDE/plugins/com.st.stm32cube.ide.mcu.externaltools.gnu-tools-for-stm32.12.3.rel1.win32_1.0.100.202403111256/tools/bin/../lib/gcc/arm-none-eabi/12.3.1/thumb/v7-m/nofp/crtn.o
                0x08003368                        . = ALIGN (0x4)
                0x08003368                        _etext = .

.vfp11_veneer   0x08003368        0x0
 .vfp11_veneer  0x08003368        0x0 linker stubs

.v4_bx          0x08003368        0x0
 .v4_bx         0x08003368        0x0 linker stubs

.iplt           0x08003368        0x0
 .iplt          0x08003368        0x0 C:/ST/STM32CubeIDE_1.15.0/STM32CubeIDE/plugins/com.st.stm32cube.ide.mcu.externaltools.gnu-tools-for-stm32.12.3.rel1.win32_1.0.100.202403111256/tools/bin/../lib/gcc/arm-none-eabi/12.3.1/thumb/v7-m/nofp/crtbegin.o

.rodata         0x08003368     0x3748
                0x08003368                        . = ALIGN (0x4)
 *(.rodata)
 .rodata        0x08003368        0xe ./Core/Src/main.o
 *(.rodata*)
 *fill*         0x08003376        0x2 
 .rodata.ascii_12x6
                0x08003378      0x474 ./Core/Src/font.o
                0x08003378                ascii_12x6
 .rodata.ascii_16x8
                0x080037ec      0x5f0 ./Core/Src/font.o
                0x080037ec                ascii_16x8
 .rodata.ascii_24x12
                0x08003ddc     0x11d0 ./Core/Src/font.o
                0x08003ddc                ascii_24x12
 .rodata.ascii_32x16
                0x08004fac     0x17c0 ./Core/Src/font.o
                0x08004fac                ascii_32x16
 .rodata.tfont12
                0x0800676c       0x4e ./Core/Src/font.o
                0x0800676c                tfont12
 *fill*         0x080067ba        0x2 
 .rodata.tfont16
                0x080067bc       0x66 ./Core/Src/font.o
                0x080067bc                tfont16
 *fill*         0x08006822        0x2 
 .rodata.tfont24
                0x08006824       0xde ./Core/Src/font.o
                0x08006824                tfont24
 *fill*         0x08006902        0x2 
 .rodata.tfont32
                0x08006904      0x186 ./Core/Src/font.o
                0x08006904                tfont32
 *fill*         0x08006a8a        0x2 
 .rodata.AHBPrescTable
                0x08006a8c       0x10 ./Core/Src/system_stm32f1xx.o
                0x08006a8c                AHBPrescTable
 .rodata.aPLLMULFactorTable.1
                0x08006a9c       0x10 ./Drivers/STM32F1xx_HAL_Driver/Src/stm32f1xx_hal_rcc.o
 .rodata.aPredivFactorTable.0
                0x08006aac        0x2 ./Drivers/STM32F1xx_HAL_Driver/Src/stm32f1xx_hal_rcc.o
                0x08006ab0                        . = ALIGN (0x4)
 *fill*         0x08006aae        0x2 

.ARM.extab      0x08006ab0        0x0
                0x08006ab0                        . = ALIGN (0x4)
 *(.ARM.extab* .gnu.linkonce.armextab.*)
                0x08006ab0                        . = ALIGN (0x4)

.ARM            0x08006ab0        0x0
                0x08006ab0                        . = ALIGN (0x4)
                0x08006ab0                        __exidx_start = .
 *(.ARM.exidx*)
                0x08006ab0                        __exidx_end = .
                0x08006ab0                        . = ALIGN (0x4)

.preinit_array  0x08006ab0        0x0
                0x08006ab0                        . = ALIGN (0x4)
                0x08006ab0                        PROVIDE (__preinit_array_start = .)
 *(.preinit_array*)
                0x08006ab0                        PROVIDE (__preinit_array_end = .)
                0x08006ab0                        . = ALIGN (0x4)

.init_array     0x08006ab0        0x4
                0x08006ab0                        . = ALIGN (0x4)
                0x08006ab0                        PROVIDE (__init_array_start = .)
 *(SORT_BY_NAME(.init_array.*))
 *(.init_array*)
 .init_array    0x08006ab0        0x4 C:/ST/STM32CubeIDE_1.15.0/STM32CubeIDE/plugins/com.st.stm32cube.ide.mcu.externaltools.gnu-tools-for-stm32.12.3.rel1.win32_1.0.100.202403111256/tools/bin/../lib/gcc/arm-none-eabi/12.3.1/thumb/v7-m/nofp/crtbegin.o
                0x08006ab4                        PROVIDE (__init_array_end = .)
                0x08006ab4                        . = ALIGN (0x4)

.fini_array     0x08006ab4        0x4
                0x08006ab4                        . = ALIGN (0x4)
                [!provide]                        PROVIDE (__fini_array_start = .)
 *(SORT_BY_NAME(.fini_array.*))
 *(.fini_array*)
 .fini_array    0x08006ab4        0x4 C:/ST/STM32CubeIDE_1.15.0/STM32CubeIDE/plugins/com.st.stm32cube.ide.mcu.externaltools.gnu-tools-for-stm32.12.3.rel1.win32_1.0.100.202403111256/tools/bin/../lib/gcc/arm-none-eabi/12.3.1/thumb/v7-m/nofp/crtbegin.o
                [!provide]                        PROVIDE (__fini_array_end = .)
                0x08006ab8                        . = ALIGN (0x4)
                0x08006ab8                        _sidata = LOADADDR (.data)

.rel.dyn        0x08006ab8        0x0
 .rel.iplt      0x08006ab8        0x0 C:/ST/STM32CubeIDE_1.15.0/STM32CubeIDE/plugins/com.st.stm32cube.ide.mcu.externaltools.gnu-tools-for-stm32.12.3.rel1.win32_1.0.100.202403111256/tools/bin/../lib/gcc/arm-none-eabi/12.3.1/thumb/v7-m/nofp/crtbegin.o

.data           0x20000000       0x1c load address 0x08006ab8
                0x20000000                        . = ALIGN (0x4)
                0x20000000                        _sdata = .
 *(.data)
 *(.data*)
 .data.font12_count
                0x20000000        0x4 ./Core/Src/font.o
                0x20000000                font12_count
 .data.font16_count
                0x20000004        0x4 ./Core/Src/font.o
                0x20000004                font16_count
 .data.font24_count
                0x20000008        0x4 ./Core/Src/font.o
                0x20000008                font24_count
 .data.font32_count
                0x2000000c        0x4 ./Core/Src/font.o
                0x2000000c                font32_count
 .data.SystemCoreClock
                0x20000010        0x4 ./Core/Src/system_stm32f1xx.o
                0x20000010                SystemCoreClock
 .data.uwTickPrio
                0x20000014        0x4 ./Drivers/STM32F1xx_HAL_Driver/Src/stm32f1xx_hal.o
                0x20000014                uwTickPrio
 .data.uwTickFreq
                0x20000018        0x1 ./Drivers/STM32F1xx_HAL_Driver/Src/stm32f1xx_hal.o
                0x20000018                uwTickFreq
 *(.RamFunc)
 *(.RamFunc*)
                0x2000001c                        . = ALIGN (0x4)
 *fill*         0x20000019        0x3 
                0x2000001c                        _edata = .

.igot.plt       0x2000001c        0x0 load address 0x08006ad4
 .igot.plt      0x2000001c        0x0 C:/ST/STM32CubeIDE_1.15.0/STM32CubeIDE/plugins/com.st.stm32cube.ide.mcu.externaltools.gnu-tools-for-stm32.12.3.rel1.win32_1.0.100.202403111256/tools/bin/../lib/gcc/arm-none-eabi/12.3.1/thumb/v7-m/nofp/crtbegin.o
                0x2000001c                        . = ALIGN (0x4)

.bss            0x2000001c       0xb0 load address 0x08006ad4
                0x2000001c                        _sbss = .
                0x2000001c                        __bss_start__ = _sbss
 *(.bss)
 .bss           0x2000001c       0x1c C:/ST/STM32CubeIDE_1.15.0/STM32CubeIDE/plugins/com.st.stm32cube.ide.mcu.externaltools.gnu-tools-for-stm32.12.3.rel1.win32_1.0.100.202403111256/tools/bin/../lib/gcc/arm-none-eabi/12.3.1/thumb/v7-m/nofp/crtbegin.o
 *(.bss*)
 .bss.htim1     0x20000038       0x48 ./Core/Src/tim.o
                0x20000038                htim1
 .bss.htim2     0x20000080       0x48 ./Core/Src/tim.o
                0x20000080                htim2
 .bss.uwTick    0x200000c8        0x4 ./Drivers/STM32F1xx_HAL_Driver/Src/stm32f1xx_hal.o
                0x200000c8                uwTick
 *(COMMON)
                0x200000cc                        . = ALIGN (0x4)
                0x200000cc                        _ebss = .
                0x200000cc                        __bss_end__ = _ebss

._user_heap_stack
                0x200000cc      0x604 load address 0x08006ad4
                0x200000d0                        . = ALIGN (0x8)
 *fill*         0x200000cc        0x4 
                [!provide]                        PROVIDE (end = .)
                0x200000d0                        PROVIDE (_end = .)
                0x200002d0                        . = (. + _Min_Heap_Size)
 *fill*         0x200000d0      0x200 
                0x200006d0                        . = (. + _Min_Stack_Size)
 *fill*         0x200002d0      0x400 
                0x200006d0                        . = ALIGN (0x8)

/DISCARD/
 libc.a(*)
 libm.a(*)
 libgcc.a(*)

.ARM.attributes
                0x00000000       0x29
 *(.ARM.attributes)
 .ARM.attributes
                0x00000000       0x1d C:/ST/STM32CubeIDE_1.15.0/STM32CubeIDE/plugins/com.st.stm32cube.ide.mcu.externaltools.gnu-tools-for-stm32.12.3.rel1.win32_1.0.100.202403111256/tools/bin/../lib/gcc/arm-none-eabi/12.3.1/thumb/v7-m/nofp/crti.o
 .ARM.attributes
                0x0000001d       0x2d C:/ST/STM32CubeIDE_1.15.0/STM32CubeIDE/plugins/com.st.stm32cube.ide.mcu.externaltools.gnu-tools-for-stm32.12.3.rel1.win32_1.0.100.202403111256/tools/bin/../lib/gcc/arm-none-eabi/12.3.1/thumb/v7-m/nofp/crtbegin.o
 .ARM.attributes
                0x0000004a       0x2d ./Core/Src/font.o
 .ARM.attributes
                0x00000077       0x2d ./Core/Src/gpio.o
 .ARM.attributes
                0x000000a4       0x2d ./Core/Src/lcd.o
 .ARM.attributes
                0x000000d1       0x2d ./Core/Src/main.o
 .ARM.attributes
                0x000000fe       0x2d ./Core/Src/stm32f1xx_hal_msp.o
 .ARM.attributes
                0x0000012b       0x2d ./Core/Src/stm32f1xx_it.o
 .ARM.attributes
                0x00000158       0x2d ./Core/Src/system_stm32f1xx.o
 .ARM.attributes
                0x00000185       0x2d ./Core/Src/tim.o
 .ARM.attributes
                0x000001b2       0x21 ./Core/Startup/startup_stm32f103c8tx.o
 .ARM.attributes
                0x000001d3       0x2d ./Drivers/STM32F1xx_HAL_Driver/Src/stm32f1xx_hal.o
 .ARM.attributes
                0x00000200       0x2d ./Drivers/STM32F1xx_HAL_Driver/Src/stm32f1xx_hal_cortex.o
 .ARM.attributes
                0x0000022d       0x2d ./Drivers/STM32F1xx_HAL_Driver/Src/stm32f1xx_hal_gpio.o
 .ARM.attributes
                0x0000025a       0x2d ./Drivers/STM32F1xx_HAL_Driver/Src/stm32f1xx_hal_rcc.o
 .ARM.attributes
                0x00000287       0x2d ./Drivers/STM32F1xx_HAL_Driver/Src/stm32f1xx_hal_tim.o
 .ARM.attributes
                0x000002b4       0x2d ./Drivers/STM32F1xx_HAL_Driver/Src/stm32f1xx_hal_tim_ex.o
 .ARM.attributes
                0x000002e1       0x2d C:/ST/STM32CubeIDE_1.15.0/STM32CubeIDE/plugins/com.st.stm32cube.ide.mcu.externaltools.gnu-tools-for-stm32.12.3.rel1.win32_1.0.100.202403111256/tools/bin/../lib/gcc/arm-none-eabi/12.3.1/../../../../arm-none-eabi/lib/thumb/v7-m/nofp\libc_nano.a(libc_a-memset.o)
 .ARM.attributes
                0x0000030e       0x2d C:/ST/STM32CubeIDE_1.15.0/STM32CubeIDE/plugins/com.st.stm32cube.ide.mcu.externaltools.gnu-tools-for-stm32.12.3.rel1.win32_1.0.100.202403111256/tools/bin/../lib/gcc/arm-none-eabi/12.3.1/../../../../arm-none-eabi/lib/thumb/v7-m/nofp\libc_nano.a(libc_a-init.o)
 .ARM.attributes
                0x0000033b       0x1d C:/ST/STM32CubeIDE_1.15.0/STM32CubeIDE/plugins/com.st.stm32cube.ide.mcu.externaltools.gnu-tools-for-stm32.12.3.rel1.win32_1.0.100.202403111256/tools/bin/../lib/gcc/arm-none-eabi/12.3.1/thumb/v7-m/nofp/crtn.o
OUTPUT(PWM_Debugger.elf elf32-littlearm)
LOAD linker stubs
LOAD C:/ST/STM32CubeIDE_1.15.0/STM32CubeIDE/plugins/com.st.stm32cube.ide.mcu.externaltools.gnu-tools-for-stm32.12.3.rel1.win32_1.0.100.202403111256/tools/bin/../lib/gcc/arm-none-eabi/12.3.1/../../../../arm-none-eabi/lib/thumb/v7-m/nofp\libc.a
LOAD C:/ST/STM32CubeIDE_1.15.0/STM32CubeIDE/plugins/com.st.stm32cube.ide.mcu.externaltools.gnu-tools-for-stm32.12.3.rel1.win32_1.0.100.202403111256/tools/bin/../lib/gcc/arm-none-eabi/12.3.1/../../../../arm-none-eabi/lib/thumb/v7-m/nofp\libm.a
LOAD C:/ST/STM32CubeIDE_1.15.0/STM32CubeIDE/plugins/com.st.stm32cube.ide.mcu.externaltools.gnu-tools-for-stm32.12.3.rel1.win32_1.0.100.202403111256/tools/bin/../lib/gcc/arm-none-eabi/12.3.1/thumb/v7-m/nofp\libgcc.a

.debug_info     0x00000000     0x8cac
 .debug_info    0x00000000      0x412 ./Core/Src/font.o
 .debug_info    0x00000412      0x29b ./Core/Src/gpio.o
 .debug_info    0x000006ad      0xe94 ./Core/Src/lcd.o
 .debug_info    0x00001541      0x988 ./Core/Src/main.o
 .debug_info    0x00001ec9      0x1f1 ./Core/Src/stm32f1xx_hal_msp.o
 .debug_info    0x000020ba      0x113 ./Core/Src/stm32f1xx_it.o
 .debug_info    0x000021cd      0x222 ./Core/Src/system_stm32f1xx.o
 .debug_info    0x000023ef      0xbac ./Core/Src/tim.o
 .debug_info    0x00002f9b       0x30 ./Core/Startup/startup_stm32f103c8tx.o
 .debug_info    0x00002fcb      0x704 ./Drivers/STM32F1xx_HAL_Driver/Src/stm32f1xx_hal.o
 .debug_info    0x000036cf      0xa87 ./Drivers/STM32F1xx_HAL_Driver/Src/stm32f1xx_hal_cortex.o
 .debug_info    0x00004156      0x5ab ./Drivers/STM32F1xx_HAL_Driver/Src/stm32f1xx_hal_gpio.o
 .debug_info    0x00004701      0x7d5 ./Drivers/STM32F1xx_HAL_Driver/Src/stm32f1xx_hal_rcc.o
 .debug_info    0x00004ed6     0x293b ./Drivers/STM32F1xx_HAL_Driver/Src/stm32f1xx_hal_tim.o
 .debug_info    0x00007811     0x149b ./Drivers/STM32F1xx_HAL_Driver/Src/stm32f1xx_hal_tim_ex.o

.debug_abbrev   0x00000000     0x19e2
 .debug_abbrev  0x00000000       0xda ./Core/Src/font.o
 .debug_abbrev  0x000000da      0x13f ./Core/Src/gpio.o
 .debug_abbrev  0x00000219      0x225 ./Core/Src/lcd.o
 .debug_abbrev  0x0000043e      0x241 ./Core/Src/main.o
 .debug_abbrev  0x0000067f       0xdb ./Core/Src/stm32f1xx_hal_msp.o
 .debug_abbrev  0x0000075a       0x73 ./Core/Src/stm32f1xx_it.o
 .debug_abbrev  0x000007cd      0x13f ./Core/Src/system_stm32f1xx.o
 .debug_abbrev  0x0000090c      0x243 ./Core/Src/tim.o
 .debug_abbrev  0x00000b4f       0x24 ./Core/Startup/startup_stm32f103c8tx.o
 .debug_abbrev  0x00000b73      0x201 ./Drivers/STM32F1xx_HAL_Driver/Src/stm32f1xx_hal.o
 .debug_abbrev  0x00000d74      0x2f8 ./Drivers/STM32F1xx_HAL_Driver/Src/stm32f1xx_hal_cortex.o
 .debug_abbrev  0x0000106c      0x1ca ./Drivers/STM32F1xx_HAL_Driver/Src/stm32f1xx_hal_gpio.o
 .debug_abbrev  0x00001236      0x2b3 ./Drivers/STM32F1xx_HAL_Driver/Src/stm32f1xx_hal_rcc.o
 .debug_abbrev  0x000014e9      0x277 ./Drivers/STM32F1xx_HAL_Driver/Src/stm32f1xx_hal_tim.o
 .debug_abbrev  0x00001760      0x282 ./Drivers/STM32F1xx_HAL_Driver/Src/stm32f1xx_hal_tim_ex.o

.debug_aranges  0x00000000      0xa58
 .debug_aranges
                0x00000000       0x18 ./Core/Src/font.o
 .debug_aranges
                0x00000018       0x20 ./Core/Src/gpio.o
 .debug_aranges
                0x00000038       0xd0 ./Core/Src/lcd.o
 .debug_aranges
                0x00000108       0x30 ./Core/Src/main.o
 .debug_aranges
                0x00000138       0x20 ./Core/Src/stm32f1xx_hal_msp.o
 .debug_aranges
                0x00000158       0x60 ./Core/Src/stm32f1xx_it.o
 .debug_aranges
                0x000001b8       0x28 ./Core/Src/system_stm32f1xx.o
 .debug_aranges
                0x000001e0       0x50 ./Core/Src/tim.o
 .debug_aranges
                0x00000230       0x28 ./Core/Startup/startup_stm32f103c8tx.o
 .debug_aranges
                0x00000258       0xe0 ./Drivers/STM32F1xx_HAL_Driver/Src/stm32f1xx_hal.o
 .debug_aranges
                0x00000338      0x100 ./Drivers/STM32F1xx_HAL_Driver/Src/stm32f1xx_hal_cortex.o
 .debug_aranges
                0x00000438       0x58 ./Drivers/STM32F1xx_HAL_Driver/Src/stm32f1xx_hal_gpio.o
 .debug_aranges
                0x00000490       0x90 ./Drivers/STM32F1xx_HAL_Driver/Src/stm32f1xx_hal_rcc.o
 .debug_aranges
                0x00000520      0x3d0 ./Drivers/STM32F1xx_HAL_Driver/Src/stm32f1xx_hal_tim.o
 .debug_aranges
                0x000008f0      0x168 ./Drivers/STM32F1xx_HAL_Driver/Src/stm32f1xx_hal_tim_ex.o

.debug_macro    0x00000000    0x17992
 .debug_macro   0x00000000      0x153 ./Core/Src/font.o
 .debug_macro   0x00000153      0xaa8 ./Core/Src/font.o
 .debug_macro   0x00000bfb       0x22 ./Core/Src/font.o
 .debug_macro   0x00000c1d       0x8e ./Core/Src/font.o
 .debug_macro   0x00000cab       0x51 ./Core/Src/font.o
 .debug_macro   0x00000cfc      0x103 ./Core/Src/font.o
 .debug_macro   0x00000dff       0x6a ./Core/Src/font.o
 .debug_macro   0x00000e69      0x1df ./Core/Src/font.o
 .debug_macro   0x00001048       0x61 ./Core/Src/font.o
 .debug_macro   0x000010a9       0x24 ./Core/Src/font.o
 .debug_macro   0x000010cd       0x43 ./Core/Src/font.o
 .debug_macro   0x00001110       0x34 ./Core/Src/font.o
 .debug_macro   0x00001144      0x189 ./Core/Src/font.o
 .debug_macro   0x000012cd       0x16 ./Core/Src/font.o
 .debug_macro   0x000012e3       0x43 ./Core/Src/font.o
 .debug_macro   0x00001326       0x34 ./Core/Src/font.o
 .debug_macro   0x0000135a       0x10 ./Core/Src/font.o
 .debug_macro   0x0000136a       0x58 ./Core/Src/font.o
 .debug_macro   0x000013c2       0x8e ./Core/Src/font.o
 .debug_macro   0x00001450       0x1c ./Core/Src/font.o
 .debug_macro   0x0000146c      0x177 ./Core/Src/font.o
 .debug_macro   0x000015e3      0x369 ./Core/Src/font.o
 .debug_macro   0x0000194c       0x10 ./Core/Src/font.o
 .debug_macro   0x0000195c       0x35 ./Core/Src/font.o
 .debug_macro   0x00001991       0x20 ./Core/Src/font.o
 .debug_macro   0x000019b1       0x94 ./Core/Src/font.o
 .debug_macro   0x00001a45      0x1ad ./Core/Src/gpio.o
 .debug_macro   0x00001bf2      0x215 ./Core/Src/gpio.o
 .debug_macro   0x00001e07       0x2e ./Core/Src/gpio.o
 .debug_macro   0x00001e35       0x22 ./Core/Src/gpio.o
 .debug_macro   0x00001e57       0x1c ./Core/Src/gpio.o
 .debug_macro   0x00001e73       0x22 ./Core/Src/gpio.o
 .debug_macro   0x00001e95       0xbd ./Core/Src/gpio.o
 .debug_macro   0x00001f52      0xd23 ./Core/Src/gpio.o
 .debug_macro   0x00002c75     0xe09e ./Core/Src/gpio.o
 .debug_macro   0x00010d13       0x6d ./Core/Src/gpio.o
 .debug_macro   0x00010d80     0x348d ./Core/Src/gpio.o
 .debug_macro   0x0001420d       0x5c ./Core/Src/gpio.o
 .debug_macro   0x00014269      0x5bc ./Core/Src/gpio.o
 .debug_macro   0x00014825      0x289 ./Core/Src/gpio.o
 .debug_macro   0x00014aae      0x1cb ./Core/Src/gpio.o
 .debug_macro   0x00014c79      0x114 ./Core/Src/gpio.o
 .debug_macro   0x00014d8d      0x1b2 ./Core/Src/gpio.o
 .debug_macro   0x00014f3f       0x27 ./Core/Src/gpio.o
 .debug_macro   0x00014f66      0x136 ./Core/Src/gpio.o
 .debug_macro   0x0001509c      0x1bc ./Core/Src/gpio.o
 .debug_macro   0x00015258       0x34 ./Core/Src/gpio.o
 .debug_macro   0x0001528c       0x3c ./Core/Src/gpio.o
 .debug_macro   0x000152c8       0x57 ./Core/Src/gpio.o
 .debug_macro   0x0001531f       0x87 ./Core/Src/gpio.o
 .debug_macro   0x000153a6      0x240 ./Core/Src/gpio.o
 .debug_macro   0x000155e6      0x140 ./Core/Src/gpio.o
 .debug_macro   0x00015726      0x8ed ./Core/Src/gpio.o
 .debug_macro   0x00016013       0x83 ./Core/Src/gpio.o
 .debug_macro   0x00016096      0x35e ./Core/Src/lcd.o
 .debug_macro   0x000163f4       0x56 ./Core/Src/lcd.o
 .debug_macro   0x0001644a      0x2d6 ./Core/Src/main.o
 .debug_macro   0x00016720       0x1c ./Core/Src/main.o
 .debug_macro   0x0001673c       0x10 ./Core/Src/main.o
 .debug_macro   0x0001674c       0x1c ./Core/Src/main.o
 .debug_macro   0x00016768       0x16 ./Core/Src/main.o
 .debug_macro   0x0001677e      0x146 ./Core/Src/main.o
 .debug_macro   0x000168c4      0x1a3 ./Core/Src/stm32f1xx_hal_msp.o
 .debug_macro   0x00016a67      0x1ad ./Core/Src/stm32f1xx_it.o
 .debug_macro   0x00016c14      0x199 ./Core/Src/system_stm32f1xx.o
 .debug_macro   0x00016dad      0x1ad ./Core/Src/tim.o
 .debug_macro   0x00016f5a      0x1bd ./Drivers/STM32F1xx_HAL_Driver/Src/stm32f1xx_hal.o
 .debug_macro   0x00017117      0x199 ./Drivers/STM32F1xx_HAL_Driver/Src/stm32f1xx_hal_cortex.o
 .debug_macro   0x000172b0      0x204 ./Drivers/STM32F1xx_HAL_Driver/Src/stm32f1xx_hal_gpio.o
 .debug_macro   0x000174b4      0x1ab ./Drivers/STM32F1xx_HAL_Driver/Src/stm32f1xx_hal_rcc.o
 .debug_macro   0x0001765f      0x19a ./Drivers/STM32F1xx_HAL_Driver/Src/stm32f1xx_hal_tim.o
 .debug_macro   0x000177f9      0x199 ./Drivers/STM32F1xx_HAL_Driver/Src/stm32f1xx_hal_tim_ex.o

.debug_line     0x00000000     0xc09c
 .debug_line    0x00000000      0x588 ./Core/Src/font.o
 .debug_line    0x00000588      0x6fa ./Core/Src/gpio.o
 .debug_line    0x00000c82     0x116d ./Core/Src/lcd.o
 .debug_line    0x00001def      0x963 ./Core/Src/main.o
 .debug_line    0x00002752      0x6ed ./Core/Src/stm32f1xx_hal_msp.o
 .debug_line    0x00002e3f      0x7af ./Core/Src/stm32f1xx_it.o
 .debug_line    0x000035ee      0x76b ./Core/Src/system_stm32f1xx.o
 .debug_line    0x00003d59      0x844 ./Core/Src/tim.o
 .debug_line    0x0000459d       0x78 ./Core/Startup/startup_stm32f103c8tx.o
 .debug_line    0x00004615      0x998 ./Drivers/STM32F1xx_HAL_Driver/Src/stm32f1xx_hal.o
 .debug_line    0x00004fad      0xb84 ./Drivers/STM32F1xx_HAL_Driver/Src/stm32f1xx_hal_cortex.o
 .debug_line    0x00005b31      0xa31 ./Drivers/STM32F1xx_HAL_Driver/Src/stm32f1xx_hal_gpio.o
 .debug_line    0x00006562      0xda1 ./Drivers/STM32F1xx_HAL_Driver/Src/stm32f1xx_hal_rcc.o
 .debug_line    0x00007303     0x34a2 ./Drivers/STM32F1xx_HAL_Driver/Src/stm32f1xx_hal_tim.o
 .debug_line    0x0000a7a5     0x18f7 ./Drivers/STM32F1xx_HAL_Driver/Src/stm32f1xx_hal_tim_ex.o

.debug_str      0x00000000    0x87fdc
 .debug_str     0x00000000     0x7199 ./Core/Src/font.o
                               0x7381 (size before relaxing)
 .debug_str     0x00007199    0x7d8f0 ./Core/Src/gpio.o
                              0x81a69 (size before relaxing)
 .debug_str     0x00084a89      0x534 ./Core/Src/lcd.o
                              0x8525d (size before relaxing)
 .debug_str     0x00084fbd      0xc61 ./Core/Src/main.o
                              0x8597e (size before relaxing)
 .debug_str     0x00085c1e       0x5a ./Core/Src/stm32f1xx_hal_msp.o
                              0x819f1 (size before relaxing)
 .debug_str     0x00085c78       0xc9 ./Core/Src/stm32f1xx_it.o
                              0x81a06 (size before relaxing)
 .debug_str     0x00085d41       0x7e ./Core/Src/system_stm32f1xx.o
                              0x81a1c (size before relaxing)
 .debug_str     0x00085dbf      0x2df ./Core/Src/tim.o
                              0x82212 (size before relaxing)
 .debug_str     0x0008609e       0x44 ./Core/Startup/startup_stm32f103c8tx.o
                                 0x68 (size before relaxing)
 .debug_str     0x000860e2      0x607 ./Drivers/STM32F1xx_HAL_Driver/Src/stm32f1xx_hal.o
                              0x8214f (size before relaxing)
 .debug_str     0x000866e9      0x2bb ./Drivers/STM32F1xx_HAL_Driver/Src/stm32f1xx_hal_cortex.o
                              0x8209b (size before relaxing)
 .debug_str     0x000869a4      0x2e1 ./Drivers/STM32F1xx_HAL_Driver/Src/stm32f1xx_hal_gpio.o
                              0x81da2 (size before relaxing)
 .debug_str     0x00086c85      0x229 ./Drivers/STM32F1xx_HAL_Driver/Src/stm32f1xx_hal_rcc.o
                              0x81e4b (size before relaxing)
 .debug_str     0x00086eae      0xc9b ./Drivers/STM32F1xx_HAL_Driver/Src/stm32f1xx_hal_tim.o
                              0x82e3d (size before relaxing)
 .debug_str     0x00087b49      0x493 ./Drivers/STM32F1xx_HAL_Driver/Src/stm32f1xx_hal_tim_ex.o
                              0x82659 (size before relaxing)

.comment        0x00000000       0x43
 .comment       0x00000000       0x43 ./Core/Src/font.o
                                 0x44 (size before relaxing)
 .comment       0x00000043       0x44 ./Core/Src/gpio.o
 .comment       0x00000043       0x44 ./Core/Src/lcd.o
 .comment       0x00000043       0x44 ./Core/Src/main.o
 .comment       0x00000043       0x44 ./Core/Src/stm32f1xx_hal_msp.o
 .comment       0x00000043       0x44 ./Core/Src/stm32f1xx_it.o
 .comment       0x00000043       0x44 ./Core/Src/system_stm32f1xx.o
 .comment       0x00000043       0x44 ./Core/Src/tim.o
 .comment       0x00000043       0x44 ./Drivers/STM32F1xx_HAL_Driver/Src/stm32f1xx_hal.o
 .comment       0x00000043       0x44 ./Drivers/STM32F1xx_HAL_Driver/Src/stm32f1xx_hal_cortex.o
 .comment       0x00000043       0x44 ./Drivers/STM32F1xx_HAL_Driver/Src/stm32f1xx_hal_gpio.o
 .comment       0x00000043       0x44 ./Drivers/STM32F1xx_HAL_Driver/Src/stm32f1xx_hal_rcc.o
 .comment       0x00000043       0x44 ./Drivers/STM32F1xx_HAL_Driver/Src/stm32f1xx_hal_tim.o
 .comment       0x00000043       0x44 ./Drivers/STM32F1xx_HAL_Driver/Src/stm32f1xx_hal_tim_ex.o

.debug_rnglists
                0x00000000      0x7e2
 .debug_rnglists
                0x00000000       0x13 ./Core/Src/gpio.o
 .debug_rnglists
                0x00000013       0xa3 ./Core/Src/lcd.o
 .debug_rnglists
                0x000000b6       0x21 ./Core/Src/main.o
 .debug_rnglists
                0x000000d7       0x13 ./Core/Src/stm32f1xx_hal_msp.o
 .debug_rnglists
                0x000000ea       0x43 ./Core/Src/stm32f1xx_it.o
 .debug_rnglists
                0x0000012d       0x1a ./Core/Src/system_stm32f1xx.o
 .debug_rnglists
                0x00000147       0x3a ./Core/Src/tim.o
 .debug_rnglists
                0x00000181       0x19 ./Core/Startup/startup_stm32f103c8tx.o
 .debug_rnglists
                0x0000019a       0xa3 ./Drivers/STM32F1xx_HAL_Driver/Src/stm32f1xx_hal.o
 .debug_rnglists
                0x0000023d       0xbb ./Drivers/STM32F1xx_HAL_Driver/Src/stm32f1xx_hal_cortex.o
 .debug_rnglists
                0x000002f8       0x3f ./Drivers/STM32F1xx_HAL_Driver/Src/stm32f1xx_hal_gpio.o
 .debug_rnglists
                0x00000337       0x6c ./Drivers/STM32F1xx_HAL_Driver/Src/stm32f1xx_hal_rcc.o
 .debug_rnglists
                0x000003a3      0x31a ./Drivers/STM32F1xx_HAL_Driver/Src/stm32f1xx_hal_tim.o
 .debug_rnglists
                0x000006bd      0x125 ./Drivers/STM32F1xx_HAL_Driver/Src/stm32f1xx_hal_tim_ex.o

.debug_frame    0x00000000     0x29c4
 .debug_frame   0x00000000       0x34 ./Core/Src/gpio.o
 .debug_frame   0x00000034      0x37c ./Core/Src/lcd.o
 .debug_frame   0x000003b0       0x6c ./Core/Src/main.o
 .debug_frame   0x0000041c       0x38 ./Core/Src/stm32f1xx_hal_msp.o
 .debug_frame   0x00000454      0x104 ./Core/Src/stm32f1xx_it.o
 .debug_frame   0x00000558       0x58 ./Core/Src/system_stm32f1xx.o
 .debug_frame   0x000005b0      0x114 ./Core/Src/tim.o
 .debug_frame   0x000006c4      0x334 ./Drivers/STM32F1xx_HAL_Driver/Src/stm32f1xx_hal.o
 .debug_frame   0x000009f8      0x428 ./Drivers/STM32F1xx_HAL_Driver/Src/stm32f1xx_hal_cortex.o
 .debug_frame   0x00000e20      0x14c ./Drivers/STM32F1xx_HAL_Driver/Src/stm32f1xx_hal_gpio.o
 .debug_frame   0x00000f6c      0x218 ./Drivers/STM32F1xx_HAL_Driver/Src/stm32f1xx_hal_rcc.o
 .debug_frame   0x00001184     0x11bc ./Drivers/STM32F1xx_HAL_Driver/Src/stm32f1xx_hal_tim.o
 .debug_frame   0x00002340      0x638 ./Drivers/STM32F1xx_HAL_Driver/Src/stm32f1xx_hal_tim_ex.o
 .debug_frame   0x00002978       0x20 C:/ST/STM32CubeIDE_1.15.0/STM32CubeIDE/plugins/com.st.stm32cube.ide.mcu.externaltools.gnu-tools-for-stm32.12.3.rel1.win32_1.0.100.202403111256/tools/bin/../lib/gcc/arm-none-eabi/12.3.1/../../../../arm-none-eabi/lib/thumb/v7-m/nofp\libc_nano.a(libc_a-memset.o)
 .debug_frame   0x00002998       0x2c C:/ST/STM32CubeIDE_1.15.0/STM32CubeIDE/plugins/com.st.stm32cube.ide.mcu.externaltools.gnu-tools-for-stm32.12.3.rel1.win32_1.0.100.202403111256/tools/bin/../lib/gcc/arm-none-eabi/12.3.1/../../../../arm-none-eabi/lib/thumb/v7-m/nofp\libc_nano.a(libc_a-init.o)

.debug_line_str
                0x00000000       0x4c
 .debug_line_str
                0x00000000       0x4c ./Core/Startup/startup_stm32f103c8tx.o
